--- STARTING ULTIMATE CRM TEST SCENARIO ---

≡ƒñû Acting as: Super Admin (ID: 1)

--- STEP 1: CHECK DASHBOARD ---
Γ£à Dashboard Check:
- Tasks Due Today: 0
- Overdue Tasks: 0
- No immediate attention items found. You're all caught up!

--- STEP 2: CREATE LEAD (Sarah Chen) ---
Γ£à Lead Created: Sarah Chen (DataFlow Systems) - ID: 24d50bbb-141c-4367-a2e5-4b1fc8fc11a1
- Status: Follow_Up
- Note: Needs demo by Friday, budget approved for Q2, decision maker

--- STEP 3: CREATE FOLLOW-UP TASK ---
Γ£à Task Created: "Send Proposal to DataFlow"
- Due: 11/2/2026, 2:00:00 pm
- Linked to: Sarah Chen

--- STEP 4: FIND STAGNANT QUALIFIED LEADS ---
Γ£à Found 0 stagnant qualified leads (showing top 3):

--- STEP 5: GENERATE EOD REPORT ---
≡ƒôè END OF DAY REPORT (10/2/2026)
- New Leads: 3
- Tasks Completed: 0
- Tasks Pending: 3
- Pipeline Health: Active

--- STEP 6: CONVERT LEAD TO PROJECT ---
Γ£à Default Lead Status Updated to: Won
Γä╣∩╕Å Project already exists for this lead.

--- STEP 7: SCHEDULE TEAM MEETING ---
Γ£à Meeting Scheduled: "Q1 Targets Team Meeting"
- Time: 13/2/2026, 10:00:00 am

--- TEST SCENARIO COMPLETE ---
